// Jest Snapshot v1, https://goo.gl/fbAQLP

exports[`renders 1`] = `
<DocumentFragment>
  <div
    class="flex justify-between w-[17rem] text-text mt-[1.5rem]"
  >
    <div>
      Total Cost:
    </div>
    <div
      data-testid="totalcostdiv"
    >
      $10000.00
    </div>
  </div>
</DocumentFragment>
`;
